
          -------------------------------------------------------
          Amber 22 SANDER                              2022
          -------------------------------------------------------

| Run on 06/11/2025 at 23:25:49

|   Executable path: sander
| Working directory: /home/ishan/bioemu/notebooks
|          Hostname: Unknown
  [-O]verwriting output

File Assignments:
|  MDIN: force.in                                                              
| MDOUT: force.out                                                             
|INPCRD: amber_frame.inpcrd                                                    
|  PARM: amber_frame.prmtop                                                    
|RESTRT: restrt                                                                
|  REFC: refc                                                                  
| MDVEL: mdvel                                                                 
| MDFRC: mdfrc                                                                 
|  MDEN: mden                                                                  
| MDCRD: mdcrd                                                                 
|MDINFO: mdinfo                                                                
|  MTMD: mtmd                                                                  
|INPDIP: inpdip                                                                
|RSTDIP: rstdip                                                                
|INPTRA: inptraj                                                               


 Here is the input file:

                                                                               
Single point force calculation                                                 
&cntrl                                                                         
  imin = 0,        ! Do MD instead of minimization                             
  ntx = 1,         ! Read coordinates, no velocities                           
  irest = 0,       ! Fresh run                                                 
  nstlim = 1,      ! Take one MD step                                          
  dt = 0.00001,    ! Tiny timestep                                             
  ntb = 0,         ! Non-periodic                                              
  cut = 20.0,      ! Large cutoff                                              
  ntpr = 1,        ! Print energy                                              
  ntwx = 1,        ! Add coordinates for PyTraj                                
  ntwv = 1,        ! Write forces to mdvel                                     
  ioutfm = 1,      ! Output format: NetCDF                                     
  ntf = 1,         ! Calculate all forces                                      
  ntc = 1          ! No SHAKE                                                  
/                                                                              

--------------------------------------------------------------------------------
   1.  RESOURCE   USE: 
--------------------------------------------------------------------------------

| Flags:                                                                        
|    NONPERIODIC   ntb=0 and igb=0: Setting up nonperiodic simulation
|Largest sphere to fit in unit cell has radius =    40.236
| New format PARM file being parsed.
| Version =    1.000 Date = 06/11/25 Time = 23:25:48
 NATOM  =     272 NTYPES =      12 NBONH =     128 MBONA  =     150
 NTHETH =     295 MTHETA =     207 NPHIH =     614 MPHIA  =     610
 NHPARM =       0 NPARM  =       0 NNB   =    1509 NRES   =      20
 NBONA  =     150 NTHETA =     207 NPHIA =     610 NUMBND =      49
 NUMANG =     109 NPTRA  =     106 NATYP =      26 NPHB   =       0
 IFBOX  =       0 NMXRS  =      24 IFCAP =       0 NEXTRA =       0
 NCOPY  =       0


|     Memory Use     Allocated
|     Real              521975
|     Hollerith            838
|     Integer            85273
|     Max Pairs          36856
|     nblistReal          3264
|     nblist Int        125893
|       Total             5075 kbytes

| Note: 1-4 EEL scale factors are being read from the topology file.

| Note: 1-4 VDW scale factors are being read from the topology file.
| Duplicated    0 dihedrals
| Duplicated    0 dihedrals

--------------------------------------------------------------------------------
   2.  CONTROL  DATA  FOR  THE  RUN
--------------------------------------------------------------------------------

default_name                                                                    

General flags:
     imin    =       0, nmropt  =       0

Nature and format of input:
     ntx     =       1, irest   =       0, ntrx    =       1

Nature and format of output:
     ntxo    =       2, ntpr    =       1, ntrx    =       1, ntwr    =       1
     iwrap   =       0, ntwx    =       1, ntwv    =       1, ntwe    =       0
     ioutfm  =       1, ntwprt  =       0, idecomp =       0, rbornstat=      0

Potential function:
     ntf     =       1, ntb     =       0, igb     =       0, nsnb    =      25
     ipol    =       0, gbsa    =       0, iesp    =       0
     dielc   =   1.00000, cut     =  20.00000, intdiel =   1.00000

Frozen or restrained atoms:
     ibelly  =       0, ntr     =       0

Molecular dynamics:
     nstlim  =         1, nscm    =      1000, nrespa  =         1
     t       =   0.00000, dt      =   0.00001, vlimit  =  20.00000
|  INFO: Old style inpcrd file read


--------------------------------------------------------------------------------
   3.  ATOMIC COORDINATES AND VELOCITIES
--------------------------------------------------------------------------------

default_name                                                                    
 begin time read from input coords =     0.000 ps

 Number of triangulated 3-point waters found:        0

     Sum of charges from parm topology file =  -1.00000001

--------------------------------------------------------------------------------
   4.  RESULTS
--------------------------------------------------------------------------------

|  # of SOLUTE  degrees of freedom (RNDFP):     816.
|  # of SOLVENT degrees of freedom (RNDFS):       0.
|  NDFMIN =     810.     NUM_NOSHAKE =      0     CORRECTED RNDFP =     810.
|  TOTAL # of degrees of freedom (RNDF) =     810.
 ---------------------------------------------------

     eedmeth=4: Setting switch to one everywhere

 ---------------------------------------------------
| Local SIZE OF NONBOND LIST =      31217
| TOTAL SIZE OF NONBOND LIST =      31217

 NSTEP =        0   TIME(PS) =       0.000  TEMP(K) =     0.00  PRESS =     0.0
 Etot   =        78.6413  EKtot   =         0.0000  EPtot      =        78.6413
 BOND   =        60.1801  ANGLE   =       159.6169  DIHED      =       223.4967
 1-4 NB =        69.6810  1-4 EEL =       977.9115  VDWAALS    =       -65.6566
 EELEC  =     -1346.5883  EHBOND  =         0.0000  RESTRAINT  =         0.0000
 ------------------------------------------------------------------------------


 NSTEP =        1   TIME(PS) =       0.000  TEMP(K) =     0.00  PRESS =     0.0
 Etot   =        78.6413  EKtot   =         0.0000  EPtot      =        78.6413
 BOND   =        60.1801  ANGLE   =       159.6169  DIHED      =       223.4967
 1-4 NB =        69.6810  1-4 EEL =       977.9115  VDWAALS    =       -65.6566
 EELEC  =     -1346.5883  EHBOND  =         0.0000  RESTRAINT  =         0.0000
 ------------------------------------------------------------------------------


      A V E R A G E S   O V E R       1 S T E P S


 NSTEP =        1   TIME(PS) =       0.000  TEMP(K) =     0.00  PRESS =     0.0
 Etot   =        78.6413  EKtot   =         0.0000  EPtot      =        78.6413
 BOND   =        60.1801  ANGLE   =       159.6169  DIHED      =       223.4967
 1-4 NB =        69.6810  1-4 EEL =       977.9115  VDWAALS    =       -65.6566
 EELEC  =     -1346.5883  EHBOND  =         0.0000  RESTRAINT  =         0.0000
 ------------------------------------------------------------------------------


      R M S  F L U C T U A T I O N S


 NSTEP =        1   TIME(PS) =       0.000  TEMP(K) =     0.00  PRESS =     0.0
 Etot   =         0.0000  EKtot   =         0.0000  EPtot      =         0.0000
 BOND   =         0.0000  ANGLE   =         0.0000  DIHED      =         0.0000
 1-4 NB =         0.0000  1-4 EEL =         0.0000  VDWAALS    =         0.0000
 EELEC  =         0.0000  EHBOND  =         0.0000  RESTRAINT  =         0.0000
|E(PBS) =         0.0000
 ------------------------------------------------------------------------------


--------------------------------------------------------------------------------
   5.  TIMINGS
--------------------------------------------------------------------------------

|    Read coords time           0.00 ( 3.23% of Total)
|    Fast Water setup           0.00 ( 0.04% of Total)
|                Build the list             0.00 (87.60% of List )
|                Other                      0.00 (12.40% of List )
|             List time                  0.00 (23.53% of Nonbo)
|                   Short_ene time             0.00 (99.51% of Direc)
|                   Other                      0.00 ( 0.49% of Direc)
|                Direct Ewald time          0.00 (97.27% of Ewald)
|                Force Adjust               0.00 ( 0.08% of Ewald)
|                Other                      0.00 ( 2.65% of Ewald)
|             Ewald time                 0.00 (76.47% of Nonbo)
|          Nonbond force              0.00 (81.27% of Force)
|          Bond/Angle/Dihedral        0.00 (18.29% of Force)
|          Other                      0.00 ( 0.44% of Force)
|       Force time                 0.00 (67.58% of Runmd)
|       Verlet update time         0.00 (18.84% of Runmd)
|       Other                      0.00 (13.57% of Runmd)
|    Runmd Time                 0.00 (34.32% of Total)
|    Other                      0.01 (62.40% of Total)
| Total time                 0.01 (99.72% of ALL  )

| Number of list builds   :          1

| Highest rstack allocated:       1170
| Highest istack allocated:        234

| Final Performance Info:
| -----------------------------------------------------
| Average timings for all steps:
|     Elapsed(s) =       0.00 Per Step(ms) =       3.20
|         ns/day =       0.27   seconds/ns =  320196.15
| -----------------------------------------------------

|           Job began  at 23:25:49.408  on 06/11/2025
|           Setup done at 23:25:49.413  on 06/11/2025
|           Run   done at 23:25:49.417  on 06/11/2025
|     wallclock() was called      66 times

|3D-RISM memory allocation summary
|Type          Maximum        Current   
|Integer       0.00000 GB     0.00000 GB
|Real          0.00000 GB     0.00000 GB
|Logical       0.00000 GB     0.00000 GB
|Character     0.00000 GB     0.00000 GB
|---------------------------------------
|Total         0.00000 GB     0.00000 GB
